mode: atomic
github.com/Abhishekkumar2021/Pravah/cli/internal/output/formatter.go:31.63,32.19 1 6
github.com/Abhishekkumar2021/Pravah/cli/internal/output/formatter.go:32.19,34.3 1 3
github.com/Abhishekkumar2021/Pravah/cli/internal/output/formatter.go:35.2,38.3 1 6
github.com/Abhishekkumar2021/Pravah/cli/internal/output/formatter.go:42.51,43.18 1 2
github.com/Abhishekkumar2021/Pravah/cli/internal/output/formatter.go:44.18,45.27 1 1
github.com/Abhishekkumar2021/Pravah/cli/internal/output/formatter.go:46.18,47.27 1 0
github.com/Abhishekkumar2021/Pravah/cli/internal/output/formatter.go:48.10,49.28 1 1
github.com/Abhishekkumar2021/Pravah/cli/internal/output/formatter.go:53.55,57.2 3 1
github.com/Abhishekkumar2021/Pravah/cli/internal/output/formatter.go:59.55,62.2 2 0
github.com/Abhishekkumar2021/Pravah/cli/internal/output/formatter.go:64.56,65.26 1 1
github.com/Abhishekkumar2021/Pravah/cli/internal/output/formatter.go:66.18,67.31 1 0
github.com/Abhishekkumar2021/Pravah/cli/internal/output/formatter.go:68.17,69.42 1 1
github.com/Abhishekkumar2021/Pravah/cli/internal/output/formatter.go:70.10,71.27 1 0
github.com/Abhishekkumar2021/Pravah/cli/internal/output/formatter.go:75.74,77.20 2 1
github.com/Abhishekkumar2021/Pravah/cli/internal/output/formatter.go:77.20,79.3 1 1
github.com/Abhishekkumar2021/Pravah/cli/internal/output/formatter.go:80.2,87.12 8 1
github.com/Abhishekkumar2021/Pravah/cli/internal/output/formatter.go:97.64,99.2 1 1
github.com/Abhishekkumar2021/Pravah/cli/internal/output/formatter.go:112.40,113.33 1 5
github.com/Abhishekkumar2021/Pravah/cli/internal/output/formatter.go:114.38,115.22 1 1
github.com/Abhishekkumar2021/Pravah/cli/internal/output/formatter.go:116.53,117.23 1 1
github.com/Abhishekkumar2021/Pravah/cli/internal/output/formatter.go:118.50,119.21 1 1
github.com/Abhishekkumar2021/Pravah/cli/internal/output/formatter.go:120.38,121.24 1 1
github.com/Abhishekkumar2021/Pravah/cli/internal/output/formatter.go:122.10,123.16 1 1
github.com/Abhishekkumar2021/Pravah/cli/internal/output/formatter.go:128.65,130.2 1 1
github.com/Abhishekkumar2021/Pravah/cli/internal/output/formatter.go:133.63,135.2 1 1
github.com/Abhishekkumar2021/Pravah/cli/internal/output/formatter.go:138.62,140.2 1 1
github.com/Abhishekkumar2021/Pravah/cli/internal/output/formatter.go:143.65,145.2 1 1
github.com/Abhishekkumar2021/Pravah/cli/internal/output/formatter.go:148.64,150.2 1 0
github.com/Abhishekkumar2021/Pravah/cli/internal/output/formatter.go:153.50,155.2 1 0
github.com/Abhishekkumar2021/Pravah/cli/internal/output/formatter.go:158.36,160.2 1 3
github.com/Abhishekkumar2021/Pravah/cli/internal/output/formatter.go:163.35,165.2 1 0
github.com/Abhishekkumar2021/Pravah/cli/cmd/pravah/main.go:16.13,18.38 2 0
github.com/Abhishekkumar2021/Pravah/cli/cmd/pravah/main.go:18.38,20.3 1 0
github.com/Abhishekkumar2021/Pravah/cli/internal/keyring/store.go:27.38,29.2 1 0
github.com/Abhishekkumar2021/Pravah/cli/internal/keyring/store.go:32.34,34.2 1 0
github.com/Abhishekkumar2021/Pravah/cli/internal/keyring/store.go:37.48,39.16 2 0
github.com/Abhishekkumar2021/Pravah/cli/internal/keyring/store.go:39.16,41.3 1 0
github.com/Abhishekkumar2021/Pravah/cli/internal/keyring/store.go:43.2,43.77 1 0
github.com/Abhishekkumar2021/Pravah/cli/internal/keyring/store.go:43.77,45.3 1 0
github.com/Abhishekkumar2021/Pravah/cli/internal/keyring/store.go:47.2,47.12 1 0
github.com/Abhishekkumar2021/Pravah/cli/internal/keyring/store.go:51.46,53.16 2 0
github.com/Abhishekkumar2021/Pravah/cli/internal/keyring/store.go:53.16,54.34 1 0
github.com/Abhishekkumar2021/Pravah/cli/internal/keyring/store.go:54.34,56.4 1 0
github.com/Abhishekkumar2021/Pravah/cli/internal/keyring/store.go:57.3,57.60 1 0
github.com/Abhishekkumar2021/Pravah/cli/internal/keyring/store.go:60.2,61.61 2 0
github.com/Abhishekkumar2021/Pravah/cli/internal/keyring/store.go:61.61,63.3 1 0
github.com/Abhishekkumar2021/Pravah/cli/internal/keyring/store.go:65.2,65.20 1 0
github.com/Abhishekkumar2021/Pravah/cli/internal/keyring/store.go:69.32,70.66 1 0
github.com/Abhishekkumar2021/Pravah/cli/internal/keyring/store.go:70.66,71.34 1 0
github.com/Abhishekkumar2021/Pravah/cli/internal/keyring/store.go:71.34,73.4 1 0
github.com/Abhishekkumar2021/Pravah/cli/internal/keyring/store.go:74.3,74.53 1 0
github.com/Abhishekkumar2021/Pravah/cli/internal/keyring/store.go:76.2,76.12 1 0
github.com/Abhishekkumar2021/Pravah/cli/internal/keyring/store.go:80.39,83.2 2 0
github.com/Abhishekkumar2021/Pravah/cli/internal/keyring/store.go:86.44,88.16 2 0
github.com/Abhishekkumar2021/Pravah/cli/internal/keyring/store.go:88.16,90.3 1 0
github.com/Abhishekkumar2021/Pravah/cli/internal/keyring/store.go:92.2,92.26 1 0
github.com/Abhishekkumar2021/Pravah/cli/internal/keyring/store.go:92.26,94.3 1 0
github.com/Abhishekkumar2021/Pravah/cli/internal/keyring/store.go:95.2,95.31 1 0
github.com/Abhishekkumar2021/Pravah/cli/internal/keyring/store.go:99.50,105.2 2 0
github.com/Abhishekkumar2021/Pravah/cli/internal/cmd/auth.go:58.13,64.2 4 0
github.com/Abhishekkumar2021/Pravah/cli/internal/cmd/auth.go:66.56,71.22 4 0
github.com/Abhishekkumar2021/Pravah/cli/internal/cmd/auth.go:71.22,72.56 1 0
github.com/Abhishekkumar2021/Pravah/cli/internal/cmd/auth.go:72.56,74.4 1 0
github.com/Abhishekkumar2021/Pravah/cli/internal/cmd/auth.go:76.3,81.17 5 0
github.com/Abhishekkumar2021/Pravah/cli/internal/cmd/auth.go:81.17,84.4 2 0
github.com/Abhishekkumar2021/Pravah/cli/internal/cmd/auth.go:86.3,87.13 2 0
github.com/Abhishekkumar2021/Pravah/cli/internal/cmd/auth.go:90.2,94.16 4 0
github.com/Abhishekkumar2021/Pravah/cli/internal/cmd/auth.go:94.16,96.3 1 0
github.com/Abhishekkumar2021/Pravah/cli/internal/cmd/auth.go:97.2,101.16 4 0
github.com/Abhishekkumar2021/Pravah/cli/internal/cmd/auth.go:101.16,103.3 1 0
github.com/Abhishekkumar2021/Pravah/cli/internal/cmd/auth.go:104.2,112.16 7 0
github.com/Abhishekkumar2021/Pravah/cli/internal/cmd/auth.go:112.16,114.3 1 0
github.com/Abhishekkumar2021/Pravah/cli/internal/cmd/auth.go:116.2,123.42 2 0
github.com/Abhishekkumar2021/Pravah/cli/internal/cmd/auth.go:123.42,125.3 1 0
github.com/Abhishekkumar2021/Pravah/cli/internal/cmd/auth.go:127.2,128.16 2 0
github.com/Abhishekkumar2021/Pravah/cli/internal/cmd/auth.go:128.16,132.3 3 0
github.com/Abhishekkumar2021/Pravah/cli/internal/cmd/auth.go:134.2,135.12 2 0
github.com/Abhishekkumar2021/Pravah/cli/internal/cmd/auth.go:138.57,144.31 5 0
github.com/Abhishekkumar2021/Pravah/cli/internal/cmd/auth.go:144.31,149.47 4 0
github.com/Abhishekkumar2021/Pravah/cli/internal/cmd/auth.go:149.47,151.4 1 0
github.com/Abhishekkumar2021/Pravah/cli/internal/cmd/auth.go:154.2,154.39 1 0
github.com/Abhishekkumar2021/Pravah/cli/internal/cmd/auth.go:154.39,156.3 1 0
github.com/Abhishekkumar2021/Pravah/cli/internal/cmd/auth.go:158.2,159.12 2 0
github.com/Abhishekkumar2021/Pravah/cli/internal/cmd/auth.go:162.61,168.31 5 0
github.com/Abhishekkumar2021/Pravah/cli/internal/cmd/auth.go:168.31,173.3 4 0
github.com/Abhishekkumar2021/Pravah/cli/internal/cmd/auth.go:175.2,180.16 5 0
github.com/Abhishekkumar2021/Pravah/cli/internal/cmd/auth.go:180.16,184.3 3 0
github.com/Abhishekkumar2021/Pravah/cli/internal/cmd/auth.go:186.2,186.18 1 0
github.com/Abhishekkumar2021/Pravah/cli/internal/cmd/auth.go:186.18,193.3 1 0
github.com/Abhishekkumar2021/Pravah/cli/internal/cmd/auth.go:195.2,204.25 9 0
github.com/Abhishekkumar2021/Pravah/cli/internal/cmd/auth.go:204.25,206.32 2 0
github.com/Abhishekkumar2021/Pravah/cli/internal/cmd/auth.go:206.32,208.4 1 0
github.com/Abhishekkumar2021/Pravah/cli/internal/cmd/auth.go:209.3,209.78 1 0
github.com/Abhishekkumar2021/Pravah/cli/internal/cmd/auth.go:212.2,212.12 1 0
github.com/Abhishekkumar2021/Pravah/cli/internal/cmd/config.go:100.13,112.2 9 0
github.com/Abhishekkumar2021/Pravah/cli/internal/cmd/config.go:114.60,118.20 3 0
github.com/Abhishekkumar2021/Pravah/cli/internal/cmd/config.go:118.20,119.19 1 0
github.com/Abhishekkumar2021/Pravah/cli/internal/cmd/config.go:119.19,125.4 1 0
github.com/Abhishekkumar2021/Pravah/cli/internal/cmd/config.go:127.3,129.28 3 0
github.com/Abhishekkumar2021/Pravah/cli/internal/cmd/config.go:129.28,131.4 1 0
github.com/Abhishekkumar2021/Pravah/cli/internal/cmd/config.go:132.3,132.13 1 0
github.com/Abhishekkumar2021/Pravah/cli/internal/cmd/config.go:135.2,138.13 3 0
github.com/Abhishekkumar2021/Pravah/cli/internal/cmd/config.go:139.17,140.23 1 0
github.com/Abhishekkumar2021/Pravah/cli/internal/cmd/config.go:141.20,142.26 1 0
github.com/Abhishekkumar2021/Pravah/cli/internal/cmd/config.go:143.25,144.29 1 0
github.com/Abhishekkumar2021/Pravah/cli/internal/cmd/config.go:145.10,146.58 1 0
github.com/Abhishekkumar2021/Pravah/cli/internal/cmd/config.go:149.2,149.18 1 0
github.com/Abhishekkumar2021/Pravah/cli/internal/cmd/config.go:149.18,151.3 1 0
github.com/Abhishekkumar2021/Pravah/cli/internal/cmd/config.go:153.2,154.12 2 0
github.com/Abhishekkumar2021/Pravah/cli/internal/cmd/config.go:157.60,166.13 6 0
github.com/Abhishekkumar2021/Pravah/cli/internal/cmd/config.go:167.17,168.25 1 0
github.com/Abhishekkumar2021/Pravah/cli/internal/cmd/config.go:169.20,170.28 1 0
github.com/Abhishekkumar2021/Pravah/cli/internal/cmd/config.go:171.10,172.58 1 0
github.com/Abhishekkumar2021/Pravah/cli/internal/cmd/config.go:175.2,177.35 2 0
github.com/Abhishekkumar2021/Pravah/cli/internal/cmd/config.go:177.35,179.3 1 0
github.com/Abhishekkumar2021/Pravah/cli/internal/cmd/config.go:181.2,182.12 2 0
github.com/Abhishekkumar2021/Pravah/cli/internal/cmd/config.go:185.68,189.18 3 0
github.com/Abhishekkumar2021/Pravah/cli/internal/cmd/config.go:189.18,191.3 1 0
github.com/Abhishekkumar2021/Pravah/cli/internal/cmd/config.go:193.2,195.42 2 0
github.com/Abhishekkumar2021/Pravah/cli/internal/cmd/config.go:195.42,197.33 2 0
github.com/Abhishekkumar2021/Pravah/cli/internal/cmd/config.go:197.33,199.4 1 0
github.com/Abhishekkumar2021/Pravah/cli/internal/cmd/config.go:201.3,203.30 3 0
github.com/Abhishekkumar2021/Pravah/cli/internal/cmd/config.go:203.30,205.4 1 0
github.com/Abhishekkumar2021/Pravah/cli/internal/cmd/config.go:206.3,206.19 1 0
github.com/Abhishekkumar2021/Pravah/cli/internal/cmd/config.go:209.2,209.12 1 0
github.com/Abhishekkumar2021/Pravah/cli/internal/cmd/config.go:212.67,218.38 4 0
github.com/Abhishekkumar2021/Pravah/cli/internal/cmd/config.go:218.38,220.3 1 0
github.com/Abhishekkumar2021/Pravah/cli/internal/cmd/config.go:222.2,224.35 2 0
github.com/Abhishekkumar2021/Pravah/cli/internal/cmd/config.go:224.35,226.3 1 0
github.com/Abhishekkumar2021/Pravah/cli/internal/cmd/config.go:228.2,229.12 2 0
github.com/Abhishekkumar2021/Pravah/cli/internal/cmd/config.go:232.70,238.37 4 0
github.com/Abhishekkumar2021/Pravah/cli/internal/cmd/config.go:238.37,240.3 1 0
github.com/Abhishekkumar2021/Pravah/cli/internal/cmd/config.go:242.2,247.26 2 0
github.com/Abhishekkumar2021/Pravah/cli/internal/cmd/config.go:247.26,249.3 1 0
github.com/Abhishekkumar2021/Pravah/cli/internal/cmd/config.go:251.2,253.35 2 0
github.com/Abhishekkumar2021/Pravah/cli/internal/cmd/config.go:253.35,255.3 1 0
github.com/Abhishekkumar2021/Pravah/cli/internal/cmd/config.go:257.2,258.12 2 0
github.com/Abhishekkumar2021/Pravah/cli/internal/cmd/config.go:261.70,267.48 4 0
github.com/Abhishekkumar2021/Pravah/cli/internal/cmd/config.go:267.48,269.3 1 0
github.com/Abhishekkumar2021/Pravah/cli/internal/cmd/config.go:271.2,271.35 1 0
github.com/Abhishekkumar2021/Pravah/cli/internal/cmd/config.go:271.35,273.3 1 0
github.com/Abhishekkumar2021/Pravah/cli/internal/cmd/config.go:275.2,276.12 2 0
github.com/Abhishekkumar2021/Pravah/cli/internal/cmd/deploy.go:58.13,69.2 8 0
github.com/Abhishekkumar2021/Pravah/cli/internal/cmd/deploy.go:83.57,85.16 2 0
github.com/Abhishekkumar2021/Pravah/cli/internal/cmd/deploy.go:85.16,87.3 1 0
github.com/Abhishekkumar2021/Pravah/cli/internal/cmd/deploy.go:89.2,92.16 3 0
github.com/Abhishekkumar2021/Pravah/cli/internal/cmd/deploy.go:92.16,94.3 1 0
github.com/Abhishekkumar2021/Pravah/cli/internal/cmd/deploy.go:96.2,96.21 1 0
github.com/Abhishekkumar2021/Pravah/cli/internal/cmd/deploy.go:96.21,99.3 2 0
github.com/Abhishekkumar2021/Pravah/cli/internal/cmd/deploy.go:101.2,105.16 4 0
github.com/Abhishekkumar2021/Pravah/cli/internal/cmd/deploy.go:105.16,107.3 1 0
github.com/Abhishekkumar2021/Pravah/cli/internal/cmd/deploy.go:109.2,113.29 4 0
github.com/Abhishekkumar2021/Pravah/cli/internal/cmd/deploy.go:113.29,117.31 3 0
github.com/Abhishekkumar2021/Pravah/cli/internal/cmd/deploy.go:117.31,119.4 1 0
github.com/Abhishekkumar2021/Pravah/cli/internal/cmd/deploy.go:120.3,120.23 1 0
github.com/Abhishekkumar2021/Pravah/cli/internal/cmd/deploy.go:120.23,122.4 1 0
github.com/Abhishekkumar2021/Pravah/cli/internal/cmd/deploy.go:125.2,125.18 1 0
github.com/Abhishekkumar2021/Pravah/cli/internal/cmd/deploy.go:125.18,127.3 1 0
github.com/Abhishekkumar2021/Pravah/cli/internal/cmd/deploy.go:129.2,131.28 2 0
github.com/Abhishekkumar2021/Pravah/cli/internal/cmd/deploy.go:131.28,133.26 2 0
github.com/Abhishekkumar2021/Pravah/cli/internal/cmd/deploy.go:133.26,135.4 1 0
github.com/Abhishekkumar2021/Pravah/cli/internal/cmd/deploy.go:135.9,135.35 1 0
github.com/Abhishekkumar2021/Pravah/cli/internal/cmd/deploy.go:135.35,137.4 1 0
github.com/Abhishekkumar2021/Pravah/cli/internal/cmd/deploy.go:139.3,140.19 2 0
github.com/Abhishekkumar2021/Pravah/cli/internal/cmd/deploy.go:140.19,142.4 1 0
github.com/Abhishekkumar2021/Pravah/cli/internal/cmd/deploy.go:144.3,145.20 2 0
github.com/Abhishekkumar2021/Pravah/cli/internal/cmd/deploy.go:145.20,147.4 1 0
github.com/Abhishekkumar2021/Pravah/cli/internal/cmd/deploy.go:148.3,148.19 1 0
github.com/Abhishekkumar2021/Pravah/cli/internal/cmd/deploy.go:151.2,156.28 5 0
github.com/Abhishekkumar2021/Pravah/cli/internal/cmd/deploy.go:156.28,157.19 1 0
github.com/Abhishekkumar2021/Pravah/cli/internal/cmd/deploy.go:158.33,159.13 1 0
github.com/Abhishekkumar2021/Pravah/cli/internal/cmd/deploy.go:160.33,161.13 1 0
github.com/Abhishekkumar2021/Pravah/cli/internal/cmd/deploy.go:162.20,163.15 1 0
github.com/Abhishekkumar2021/Pravah/cli/internal/cmd/deploy.go:165.3,165.26 1 0
github.com/Abhishekkumar2021/Pravah/cli/internal/cmd/deploy.go:165.26,167.4 1 0
github.com/Abhishekkumar2021/Pravah/cli/internal/cmd/deploy.go:170.2,171.18 2 0
github.com/Abhishekkumar2021/Pravah/cli/internal/cmd/deploy.go:171.18,174.3 1 0
github.com/Abhishekkumar2021/Pravah/cli/internal/cmd/deploy.go:174.8,177.3 1 0
github.com/Abhishekkumar2021/Pravah/cli/internal/cmd/deploy.go:179.2,179.15 1 0
github.com/Abhishekkumar2021/Pravah/cli/internal/cmd/deploy.go:179.15,181.3 1 0
github.com/Abhishekkumar2021/Pravah/cli/internal/cmd/deploy.go:182.2,182.17 1 0
github.com/Abhishekkumar2021/Pravah/cli/internal/cmd/deploy.go:182.17,184.3 1 0
github.com/Abhishekkumar2021/Pravah/cli/internal/cmd/deploy.go:186.2,186.12 1 0
github.com/Abhishekkumar2021/Pravah/cli/internal/cmd/deploy.go:189.55,191.16 2 0
github.com/Abhishekkumar2021/Pravah/cli/internal/cmd/deploy.go:191.16,193.3 1 0
github.com/Abhishekkumar2021/Pravah/cli/internal/cmd/deploy.go:195.2,198.16 3 0
github.com/Abhishekkumar2021/Pravah/cli/internal/cmd/deploy.go:198.16,200.3 1 0
github.com/Abhishekkumar2021/Pravah/cli/internal/cmd/deploy.go:202.2,202.21 1 0
github.com/Abhishekkumar2021/Pravah/cli/internal/cmd/deploy.go:202.21,205.3 2 0
github.com/Abhishekkumar2021/Pravah/cli/internal/cmd/deploy.go:207.2,211.16 4 0
github.com/Abhishekkumar2021/Pravah/cli/internal/cmd/deploy.go:211.16,213.3 1 0
github.com/Abhishekkumar2021/Pravah/cli/internal/cmd/deploy.go:215.2,215.29 1 0
github.com/Abhishekkumar2021/Pravah/cli/internal/cmd/deploy.go:215.29,217.17 2 0
github.com/Abhishekkumar2021/Pravah/cli/internal/cmd/deploy.go:217.17,219.12 2 0
github.com/Abhishekkumar2021/Pravah/cli/internal/cmd/deploy.go:222.3,223.17 2 0
github.com/Abhishekkumar2021/Pravah/cli/internal/cmd/deploy.go:223.17,225.12 2 0
github.com/Abhishekkumar2021/Pravah/cli/internal/cmd/deploy.go:228.3,233.13 4 0
github.com/Abhishekkumar2021/Pravah/cli/internal/cmd/deploy.go:233.13,236.12 3 0
github.com/Abhishekkumar2021/Pravah/cli/internal/cmd/deploy.go:239.3,245.46 5 0
github.com/Abhishekkumar2021/Pravah/cli/internal/cmd/deploy.go:245.46,247.4 1 0
github.com/Abhishekkumar2021/Pravah/cli/internal/cmd/deploy.go:247.9,249.4 1 0
github.com/Abhishekkumar2021/Pravah/cli/internal/cmd/deploy.go:252.2,252.12 1 0
github.com/Abhishekkumar2021/Pravah/cli/internal/cmd/deploy.go:255.74,257.16 2 0
github.com/Abhishekkumar2021/Pravah/cli/internal/cmd/deploy.go:257.16,259.3 1 0
github.com/Abhishekkumar2021/Pravah/cli/internal/cmd/deploy.go:261.2,261.19 1 0
github.com/Abhishekkumar2021/Pravah/cli/internal/cmd/deploy.go:261.19,263.3 1 0
github.com/Abhishekkumar2021/Pravah/cli/internal/cmd/deploy.go:265.2,266.62 2 0
github.com/Abhishekkumar2021/Pravah/cli/internal/cmd/deploy.go:266.62,267.17 1 0
github.com/Abhishekkumar2021/Pravah/cli/internal/cmd/deploy.go:267.17,269.4 1 0
github.com/Abhishekkumar2021/Pravah/cli/internal/cmd/deploy.go:271.3,271.19 1 0
github.com/Abhishekkumar2021/Pravah/cli/internal/cmd/deploy.go:271.19,272.31 1 0
github.com/Abhishekkumar2021/Pravah/cli/internal/cmd/deploy.go:272.31,274.5 1 0
github.com/Abhishekkumar2021/Pravah/cli/internal/cmd/deploy.go:275.4,275.14 1 0
github.com/Abhishekkumar2021/Pravah/cli/internal/cmd/deploy.go:278.3,279.38 2 0
github.com/Abhishekkumar2021/Pravah/cli/internal/cmd/deploy.go:279.38,281.4 1 0
github.com/Abhishekkumar2021/Pravah/cli/internal/cmd/deploy.go:283.3,283.13 1 0
github.com/Abhishekkumar2021/Pravah/cli/internal/cmd/deploy.go:286.2,286.52 1 0
github.com/Abhishekkumar2021/Pravah/cli/internal/cmd/deploy.go:286.52,288.3 1 0
github.com/Abhishekkumar2021/Pravah/cli/internal/cmd/deploy.go:290.2,290.19 1 0
github.com/Abhishekkumar2021/Pravah/cli/internal/cmd/deploy.go:293.112,297.6 3 0
github.com/Abhishekkumar2021/Pravah/cli/internal/cmd/deploy.go:297.6,302.17 2 0
github.com/Abhishekkumar2021/Pravah/cli/internal/cmd/deploy.go:302.17,304.4 1 0
github.com/Abhishekkumar2021/Pravah/cli/internal/cmd/deploy.go:306.3,306.31 1 0
github.com/Abhishekkumar2021/Pravah/cli/internal/cmd/deploy.go:306.31,309.4 2 0
github.com/Abhishekkumar2021/Pravah/cli/internal/cmd/deploy.go:311.3,311.32 1 0
github.com/Abhishekkumar2021/Pravah/cli/internal/cmd/deploy.go:311.32,312.9 1 0
github.com/Abhishekkumar2021/Pravah/cli/internal/cmd/deploy.go:314.3,314.9 1 0
github.com/Abhishekkumar2021/Pravah/cli/internal/cmd/deploy.go:317.2,317.20 1 0
github.com/Abhishekkumar2021/Pravah/cli/internal/cmd/deploy.go:320.149,327.16 3 0
github.com/Abhishekkumar2021/Pravah/cli/internal/cmd/deploy.go:327.16,332.3 4 0
github.com/Abhishekkumar2021/Pravah/cli/internal/cmd/deploy.go:334.2,335.16 2 0
github.com/Abhishekkumar2021/Pravah/cli/internal/cmd/deploy.go:335.16,340.3 4 0
github.com/Abhishekkumar2021/Pravah/cli/internal/cmd/deploy.go:341.2,347.12 4 0
github.com/Abhishekkumar2021/Pravah/cli/internal/cmd/deploy.go:347.12,352.13 4 0
github.com/Abhishekkumar2021/Pravah/cli/internal/cmd/deploy.go:352.13,355.4 2 0
github.com/Abhishekkumar2021/Pravah/cli/internal/cmd/deploy.go:357.3,364.17 3 0
github.com/Abhishekkumar2021/Pravah/cli/internal/cmd/deploy.go:364.17,369.4 4 0
github.com/Abhishekkumar2021/Pravah/cli/internal/cmd/deploy.go:371.3,372.16 2 0
github.com/Abhishekkumar2021/Pravah/cli/internal/cmd/deploy.go:375.2,380.45 4 0
github.com/Abhishekkumar2021/Pravah/cli/internal/cmd/deploy.go:380.45,384.3 3 0
github.com/Abhishekkumar2021/Pravah/cli/internal/cmd/deploy.go:386.2,389.12 3 0
github.com/Abhishekkumar2021/Pravah/cli/internal/cmd/deploy.go:389.12,392.3 2 0
github.com/Abhishekkumar2021/Pravah/cli/internal/cmd/deploy.go:394.2,401.16 3 0
github.com/Abhishekkumar2021/Pravah/cli/internal/cmd/deploy.go:401.16,406.3 4 0
github.com/Abhishekkumar2021/Pravah/cli/internal/cmd/deploy.go:408.2,408.15 1 0
github.com/Abhishekkumar2021/Pravah/cli/internal/cmd/root.go:35.47,39.2 3 0
github.com/Abhishekkumar2021/Pravah/cli/internal/cmd/root.go:60.67,61.54 1 0
github.com/Abhishekkumar2021/Pravah/cli/internal/cmd/root.go:61.54,63.4 1 0
github.com/Abhishekkumar2021/Pravah/cli/internal/cmd/root.go:65.3,67.17 3 0
github.com/Abhishekkumar2021/Pravah/cli/internal/cmd/root.go:67.17,69.4 1 0
github.com/Abhishekkumar2021/Pravah/cli/internal/cmd/root.go:71.3,71.20 1 0
github.com/Abhishekkumar2021/Pravah/cli/internal/cmd/root.go:71.20,73.4 1 0
github.com/Abhishekkumar2021/Pravah/cli/internal/cmd/root.go:75.3,76.13 2 0
github.com/Abhishekkumar2021/Pravah/cli/internal/cmd/root.go:81.22,83.2 1 0
github.com/Abhishekkumar2021/Pravah/cli/internal/cmd/root.go:85.13,98.2 10 0
github.com/Abhishekkumar2021/Pravah/cli/internal/cmd/root.go:100.19,101.19 1 0
github.com/Abhishekkumar2021/Pravah/cli/internal/cmd/root.go:101.19,103.3 1 0
github.com/Abhishekkumar2021/Pravah/cli/internal/cmd/root.go:103.8,110.3 5 0
github.com/Abhishekkumar2021/Pravah/cli/internal/cmd/root.go:112.2,113.45 2 0
github.com/Abhishekkumar2021/Pravah/cli/internal/cmd/root.go:113.45,114.56 1 0
github.com/Abhishekkumar2021/Pravah/cli/internal/cmd/root.go:114.56,116.4 1 0
github.com/Abhishekkumar2021/Pravah/cli/internal/cmd/root.go:125.47,129.3 3 0
github.com/Abhishekkumar2021/Pravah/cli/internal/cmd/root.go:133.33,135.2 1 0
github.com/Abhishekkumar2021/Pravah/cli/internal/cmd/root.go:138.36,140.2 1 0
github.com/Abhishekkumar2021/Pravah/cli/internal/cmd/run.go:113.13,133.2 14 0
github.com/Abhishekkumar2021/Pravah/cli/internal/cmd/run.go:135.58,137.16 2 0
github.com/Abhishekkumar2021/Pravah/cli/internal/cmd/run.go:137.16,139.3 1 0
github.com/Abhishekkumar2021/Pravah/cli/internal/cmd/run.go:141.2,153.16 6 0
github.com/Abhishekkumar2021/Pravah/cli/internal/cmd/run.go:153.16,155.3 1 0
github.com/Abhishekkumar2021/Pravah/cli/internal/cmd/run.go:157.2,157.18 1 0
github.com/Abhishekkumar2021/Pravah/cli/internal/cmd/run.go:157.18,159.3 1 0
github.com/Abhishekkumar2021/Pravah/cli/internal/cmd/run.go:161.2,161.30 1 0
github.com/Abhishekkumar2021/Pravah/cli/internal/cmd/run.go:161.30,164.3 2 0
github.com/Abhishekkumar2021/Pravah/cli/internal/cmd/run.go:166.2,167.35 2 0
github.com/Abhishekkumar2021/Pravah/cli/internal/cmd/run.go:167.35,176.3 2 0
github.com/Abhishekkumar2021/Pravah/cli/internal/cmd/run.go:178.2,181.17 1 0
github.com/Abhishekkumar2021/Pravah/cli/internal/cmd/run.go:181.17,183.3 1 0
github.com/Abhishekkumar2021/Pravah/cli/internal/cmd/run.go:185.2,185.27 1 0
github.com/Abhishekkumar2021/Pravah/cli/internal/cmd/run.go:185.27,187.3 1 0
github.com/Abhishekkumar2021/Pravah/cli/internal/cmd/run.go:189.2,189.12 1 0
github.com/Abhishekkumar2021/Pravah/cli/internal/cmd/run.go:192.60,194.16 2 0
github.com/Abhishekkumar2021/Pravah/cli/internal/cmd/run.go:194.16,196.3 1 0
github.com/Abhishekkumar2021/Pravah/cli/internal/cmd/run.go:198.2,201.14 3 0
github.com/Abhishekkumar2021/Pravah/cli/internal/cmd/run.go:201.14,203.3 1 0
github.com/Abhishekkumar2021/Pravah/cli/internal/cmd/run.go:205.2,209.16 4 0
github.com/Abhishekkumar2021/Pravah/cli/internal/cmd/run.go:209.16,211.3 1 0
github.com/Abhishekkumar2021/Pravah/cli/internal/cmd/run.go:213.2,213.18 1 0
github.com/Abhishekkumar2021/Pravah/cli/internal/cmd/run.go:213.18,215.3 1 0
github.com/Abhishekkumar2021/Pravah/cli/internal/cmd/run.go:217.2,218.12 2 0
github.com/Abhishekkumar2021/Pravah/cli/internal/cmd/run.go:221.79,232.83 8 0
github.com/Abhishekkumar2021/Pravah/cli/internal/cmd/run.go:232.83,237.28 4 0
github.com/Abhishekkumar2021/Pravah/cli/internal/cmd/run.go:237.28,238.80 1 0
github.com/Abhishekkumar2021/Pravah/cli/internal/cmd/run.go:238.80,240.5 1 0
github.com/Abhishekkumar2021/Pravah/cli/internal/cmd/run.go:243.3,243.22 1 0
github.com/Abhishekkumar2021/Pravah/cli/internal/cmd/run.go:243.22,246.4 1 0
github.com/Abhishekkumar2021/Pravah/cli/internal/cmd/run.go:248.3,249.14 2 0
github.com/Abhishekkumar2021/Pravah/cli/internal/cmd/run.go:252.2,254.22 2 0
github.com/Abhishekkumar2021/Pravah/cli/internal/cmd/run.go:254.22,257.3 2 0
github.com/Abhishekkumar2021/Pravah/cli/internal/cmd/run.go:259.2,259.12 1 0
github.com/Abhishekkumar2021/Pravah/cli/internal/cmd/run.go:262.80,268.33 5 0
github.com/Abhishekkumar2021/Pravah/cli/internal/cmd/run.go:268.33,270.3 1 0
github.com/Abhishekkumar2021/Pravah/cli/internal/cmd/run.go:272.2,272.28 1 0
github.com/Abhishekkumar2021/Pravah/cli/internal/cmd/run.go:272.28,274.3 1 0
github.com/Abhishekkumar2021/Pravah/cli/internal/cmd/run.go:276.2,276.33 1 0
github.com/Abhishekkumar2021/Pravah/cli/internal/cmd/run.go:276.33,278.3 1 0
github.com/Abhishekkumar2021/Pravah/cli/internal/cmd/run.go:280.2,280.29 1 0
github.com/Abhishekkumar2021/Pravah/cli/internal/cmd/run.go:280.29,282.3 1 0
github.com/Abhishekkumar2021/Pravah/cli/internal/cmd/run.go:284.2,284.29 1 0
github.com/Abhishekkumar2021/Pravah/cli/internal/cmd/run.go:284.29,286.38 2 0
github.com/Abhishekkumar2021/Pravah/cli/internal/cmd/run.go:286.38,289.24 3 0
github.com/Abhishekkumar2021/Pravah/cli/internal/cmd/run.go:289.24,291.5 1 0
github.com/Abhishekkumar2021/Pravah/cli/internal/cmd/run.go:292.4,292.66 1 0
github.com/Abhishekkumar2021/Pravah/cli/internal/cmd/run.go:297.58,299.16 2 0
github.com/Abhishekkumar2021/Pravah/cli/internal/cmd/run.go:299.16,301.3 1 0
github.com/Abhishekkumar2021/Pravah/cli/internal/cmd/run.go:303.2,310.16 6 0
github.com/Abhishekkumar2021/Pravah/cli/internal/cmd/run.go:310.16,312.3 1 0
github.com/Abhishekkumar2021/Pravah/cli/internal/cmd/run.go:314.2,314.18 1 0
github.com/Abhishekkumar2021/Pravah/cli/internal/cmd/run.go:314.18,316.38 2 0
github.com/Abhishekkumar2021/Pravah/cli/internal/cmd/run.go:316.38,317.51 1 0
github.com/Abhishekkumar2021/Pravah/cli/internal/cmd/run.go:317.51,318.13 1 0
github.com/Abhishekkumar2021/Pravah/cli/internal/cmd/run.go:320.4,320.22 1 0
github.com/Abhishekkumar2021/Pravah/cli/internal/cmd/run.go:320.22,322.5 1 0
github.com/Abhishekkumar2021/Pravah/cli/internal/cmd/run.go:324.3,324.25 1 0
github.com/Abhishekkumar2021/Pravah/cli/internal/cmd/run.go:327.2,327.37 1 0
github.com/Abhishekkumar2021/Pravah/cli/internal/cmd/run.go:327.37,328.50 1 0
github.com/Abhishekkumar2021/Pravah/cli/internal/cmd/run.go:328.50,329.12 1 0
github.com/Abhishekkumar2021/Pravah/cli/internal/cmd/run.go:332.3,334.21 2 0
github.com/Abhishekkumar2021/Pravah/cli/internal/cmd/run.go:334.21,336.4 1 0
github.com/Abhishekkumar2021/Pravah/cli/internal/cmd/run.go:336.9,338.4 1 0
github.com/Abhishekkumar2021/Pravah/cli/internal/cmd/run.go:340.3,340.22 1 0
github.com/Abhishekkumar2021/Pravah/cli/internal/cmd/run.go:340.22,342.4 1 0
github.com/Abhishekkumar2021/Pravah/cli/internal/cmd/run.go:344.3,344.19 1 0
github.com/Abhishekkumar2021/Pravah/cli/internal/cmd/run.go:347.2,347.12 1 0
github.com/Abhishekkumar2021/Pravah/cli/internal/cmd/run.go:350.60,352.16 2 0
github.com/Abhishekkumar2021/Pravah/cli/internal/cmd/run.go:352.16,354.3 1 0
github.com/Abhishekkumar2021/Pravah/cli/internal/cmd/run.go:356.2,359.15 3 0
github.com/Abhishekkumar2021/Pravah/cli/internal/cmd/run.go:359.15,363.41 4 0
github.com/Abhishekkumar2021/Pravah/cli/internal/cmd/run.go:363.41,366.4 2 0
github.com/Abhishekkumar2021/Pravah/cli/internal/cmd/run.go:369.2,372.68 3 0
github.com/Abhishekkumar2021/Pravah/cli/internal/cmd/run.go:372.68,374.3 1 0
github.com/Abhishekkumar2021/Pravah/cli/internal/cmd/run.go:376.2,377.12 2 0
github.com/Abhishekkumar2021/Pravah/cli/internal/cmd/run.go:380.59,382.16 2 0
github.com/Abhishekkumar2021/Pravah/cli/internal/cmd/run.go:382.16,384.3 1 0
github.com/Abhishekkumar2021/Pravah/cli/internal/cmd/run.go:386.2,393.16 6 0
github.com/Abhishekkumar2021/Pravah/cli/internal/cmd/run.go:393.16,395.3 1 0
github.com/Abhishekkumar2021/Pravah/cli/internal/cmd/run.go:397.2,397.18 1 0
github.com/Abhishekkumar2021/Pravah/cli/internal/cmd/run.go:397.18,399.3 1 0
github.com/Abhishekkumar2021/Pravah/cli/internal/cmd/run.go:401.2,401.24 1 0
github.com/Abhishekkumar2021/Pravah/cli/internal/cmd/run.go:401.24,403.3 1 0
github.com/Abhishekkumar2021/Pravah/cli/internal/cmd/run.go:403.8,405.3 1 0
github.com/Abhishekkumar2021/Pravah/cli/internal/cmd/run.go:407.2,408.12 2 0
github.com/Abhishekkumar2021/Pravah/cli/internal/cmd/run.go:411.42,412.16 1 0
github.com/Abhishekkumar2021/Pravah/cli/internal/cmd/run.go:413.19,414.29 1 0
github.com/Abhishekkumar2021/Pravah/cli/internal/cmd/run.go:415.16,416.27 1 0
github.com/Abhishekkumar2021/Pravah/cli/internal/cmd/run.go:417.17,418.28 1 0
github.com/Abhishekkumar2021/Pravah/cli/internal/cmd/run.go:419.27,420.30 1 0
github.com/Abhishekkumar2021/Pravah/cli/internal/cmd/run.go:421.30,422.30 1 0
github.com/Abhishekkumar2021/Pravah/cli/internal/cmd/run.go:423.10,424.13 1 0
github.com/Abhishekkumar2021/Pravah/cli/internal/cmd/run.go:428.38,429.13 1 0
github.com/Abhishekkumar2021/Pravah/cli/internal/cmd/run.go:429.13,431.3 1 0
github.com/Abhishekkumar2021/Pravah/cli/internal/cmd/run.go:433.2,435.21 2 0
github.com/Abhishekkumar2021/Pravah/cli/internal/cmd/run.go:435.21,437.3 1 0
github.com/Abhishekkumar2021/Pravah/cli/internal/cmd/run.go:438.2,438.21 1 0
github.com/Abhishekkumar2021/Pravah/cli/internal/cmd/run.go:438.21,440.3 1 0
github.com/Abhishekkumar2021/Pravah/cli/internal/cmd/run.go:441.2,441.19 1 0
github.com/Abhishekkumar2021/Pravah/cli/internal/cmd/run.go:441.19,443.3 1 0
github.com/Abhishekkumar2021/Pravah/cli/internal/cmd/run.go:444.2,444.40 1 0
github.com/Abhishekkumar2021/Pravah/cli/internal/cmd/run.go:447.44,448.22 1 0
github.com/Abhishekkumar2021/Pravah/cli/internal/cmd/run.go:448.22,450.3 1 0
github.com/Abhishekkumar2021/Pravah/cli/internal/cmd/run.go:451.2,451.29 1 0
github.com/Abhishekkumar2021/Pravah/cli/internal/cmd/workflow.go:124.13,147.2 17 0
github.com/Abhishekkumar2021/Pravah/cli/internal/cmd/workflow.go:149.42,154.16 4 0
github.com/Abhishekkumar2021/Pravah/cli/internal/cmd/workflow.go:154.16,156.3 1 0
github.com/Abhishekkumar2021/Pravah/cli/internal/cmd/workflow.go:158.2,158.108 1 0
github.com/Abhishekkumar2021/Pravah/cli/internal/cmd/workflow.go:161.63,163.16 2 0
github.com/Abhishekkumar2021/Pravah/cli/internal/cmd/workflow.go:163.16,165.3 1 0
github.com/Abhishekkumar2021/Pravah/cli/internal/cmd/workflow.go:167.2,179.16 6 0
github.com/Abhishekkumar2021/Pravah/cli/internal/cmd/workflow.go:179.16,181.3 1 0
github.com/Abhishekkumar2021/Pravah/cli/internal/cmd/workflow.go:183.2,183.18 1 0
github.com/Abhishekkumar2021/Pravah/cli/internal/cmd/workflow.go:183.18,185.3 1 0
github.com/Abhishekkumar2021/Pravah/cli/internal/cmd/workflow.go:187.2,187.30 1 0
github.com/Abhishekkumar2021/Pravah/cli/internal/cmd/workflow.go:187.30,190.3 2 0
github.com/Abhishekkumar2021/Pravah/cli/internal/cmd/workflow.go:192.2,193.35 2 0
github.com/Abhishekkumar2021/Pravah/cli/internal/cmd/workflow.go:193.35,201.3 1 0
github.com/Abhishekkumar2021/Pravah/cli/internal/cmd/workflow.go:203.2,206.17 1 0
github.com/Abhishekkumar2021/Pravah/cli/internal/cmd/workflow.go:206.17,208.3 1 0
github.com/Abhishekkumar2021/Pravah/cli/internal/cmd/workflow.go:210.2,210.27 1 0
github.com/Abhishekkumar2021/Pravah/cli/internal/cmd/workflow.go:210.27,212.3 1 0
github.com/Abhishekkumar2021/Pravah/cli/internal/cmd/workflow.go:214.2,214.12 1 0
github.com/Abhishekkumar2021/Pravah/cli/internal/cmd/workflow.go:217.62,219.16 2 0
github.com/Abhishekkumar2021/Pravah/cli/internal/cmd/workflow.go:219.16,221.3 1 0
github.com/Abhishekkumar2021/Pravah/cli/internal/cmd/workflow.go:223.2,228.16 5 0
github.com/Abhishekkumar2021/Pravah/cli/internal/cmd/workflow.go:228.16,230.3 1 0
github.com/Abhishekkumar2021/Pravah/cli/internal/cmd/workflow.go:232.2,232.36 1 0
github.com/Abhishekkumar2021/Pravah/cli/internal/cmd/workflow.go:232.36,234.3 1 0
github.com/Abhishekkumar2021/Pravah/cli/internal/cmd/workflow.go:236.2,240.32 5 0
github.com/Abhishekkumar2021/Pravah/cli/internal/cmd/workflow.go:240.32,242.3 1 0
github.com/Abhishekkumar2021/Pravah/cli/internal/cmd/workflow.go:243.2,246.12 3 0
github.com/Abhishekkumar2021/Pravah/cli/internal/cmd/workflow.go:249.65,251.16 2 0
github.com/Abhishekkumar2021/Pravah/cli/internal/cmd/workflow.go:251.16,253.3 1 0
github.com/Abhishekkumar2021/Pravah/cli/internal/cmd/workflow.go:255.2,258.16 3 0
github.com/Abhishekkumar2021/Pravah/cli/internal/cmd/workflow.go:258.16,260.3 1 0
github.com/Abhishekkumar2021/Pravah/cli/internal/cmd/workflow.go:262.2,275.16 7 0
github.com/Abhishekkumar2021/Pravah/cli/internal/cmd/workflow.go:275.16,277.3 1 0
github.com/Abhishekkumar2021/Pravah/cli/internal/cmd/workflow.go:279.2,279.18 1 0
github.com/Abhishekkumar2021/Pravah/cli/internal/cmd/workflow.go:279.18,281.3 1 0
github.com/Abhishekkumar2021/Pravah/cli/internal/cmd/workflow.go:283.2,284.12 2 0
github.com/Abhishekkumar2021/Pravah/cli/internal/cmd/workflow.go:287.62,289.16 2 0
github.com/Abhishekkumar2021/Pravah/cli/internal/cmd/workflow.go:289.16,291.3 1 0
github.com/Abhishekkumar2021/Pravah/cli/internal/cmd/workflow.go:293.2,297.35 4 0
github.com/Abhishekkumar2021/Pravah/cli/internal/cmd/workflow.go:297.35,299.22 2 0
github.com/Abhishekkumar2021/Pravah/cli/internal/cmd/workflow.go:299.22,301.4 1 0
github.com/Abhishekkumar2021/Pravah/cli/internal/cmd/workflow.go:302.3,302.73 1 0
github.com/Abhishekkumar2021/Pravah/cli/internal/cmd/workflow.go:305.2,314.16 5 0
github.com/Abhishekkumar2021/Pravah/cli/internal/cmd/workflow.go:314.16,316.3 1 0
github.com/Abhishekkumar2021/Pravah/cli/internal/cmd/workflow.go:318.2,318.19 1 0
github.com/Abhishekkumar2021/Pravah/cli/internal/cmd/workflow.go:318.19,319.19 1 0
github.com/Abhishekkumar2021/Pravah/cli/internal/cmd/workflow.go:319.19,321.4 1 0
github.com/Abhishekkumar2021/Pravah/cli/internal/cmd/workflow.go:322.3,324.13 3 0
github.com/Abhishekkumar2021/Pravah/cli/internal/cmd/workflow.go:327.2,334.88 6 0
github.com/Abhishekkumar2021/Pravah/cli/internal/cmd/workflow.go:334.88,338.3 3 0
github.com/Abhishekkumar2021/Pravah/cli/internal/cmd/workflow.go:340.2,343.18 3 0
github.com/Abhishekkumar2021/Pravah/cli/internal/cmd/workflow.go:343.18,345.3 1 0
github.com/Abhishekkumar2021/Pravah/cli/internal/cmd/workflow.go:347.2,347.18 1 0
github.com/Abhishekkumar2021/Pravah/cli/internal/cmd/workflow.go:347.18,349.3 1 0
github.com/Abhishekkumar2021/Pravah/cli/internal/cmd/workflow.go:351.2,351.26 1 0
github.com/Abhishekkumar2021/Pravah/cli/internal/cmd/workflow.go:352.19,353.50 1 0
github.com/Abhishekkumar2021/Pravah/cli/internal/cmd/workflow.go:354.16,356.40 2 0
github.com/Abhishekkumar2021/Pravah/cli/internal/cmd/workflow.go:357.19,358.41 1 0
github.com/Abhishekkumar2021/Pravah/cli/internal/cmd/workflow.go:359.10,360.73 1 0
github.com/Abhishekkumar2021/Pravah/cli/internal/cmd/workflow.go:363.2,363.12 1 0
github.com/Abhishekkumar2021/Pravah/cli/internal/cmd/workflow.go:366.63,368.16 2 0
github.com/Abhishekkumar2021/Pravah/cli/internal/cmd/workflow.go:368.16,370.3 1 0
github.com/Abhishekkumar2021/Pravah/cli/internal/cmd/workflow.go:372.2,380.16 5 0
github.com/Abhishekkumar2021/Pravah/cli/internal/cmd/workflow.go:380.16,382.3 1 0
github.com/Abhishekkumar2021/Pravah/cli/internal/cmd/workflow.go:384.2,384.32 1 0
github.com/Abhishekkumar2021/Pravah/cli/internal/cmd/workflow.go:384.32,387.3 2 0
github.com/Abhishekkumar2021/Pravah/cli/internal/cmd/workflow.go:389.2,392.37 3 0
github.com/Abhishekkumar2021/Pravah/cli/internal/cmd/workflow.go:392.37,395.21 2 0
github.com/Abhishekkumar2021/Pravah/cli/internal/cmd/workflow.go:395.21,397.4 1 0
github.com/Abhishekkumar2021/Pravah/cli/internal/cmd/workflow.go:399.3,399.22 1 0
github.com/Abhishekkumar2021/Pravah/cli/internal/cmd/workflow.go:399.22,401.4 1 0
github.com/Abhishekkumar2021/Pravah/cli/internal/cmd/workflow.go:402.3,402.19 1 0
github.com/Abhishekkumar2021/Pravah/cli/internal/cmd/workflow.go:405.2,405.12 1 0
github.com/Abhishekkumar2021/Pravah/cli/internal/cmd/workflow.go:408.67,410.16 2 0
github.com/Abhishekkumar2021/Pravah/cli/internal/cmd/workflow.go:410.16,412.3 1 0
github.com/Abhishekkumar2021/Pravah/cli/internal/cmd/workflow.go:414.2,417.16 3 0
github.com/Abhishekkumar2021/Pravah/cli/internal/cmd/workflow.go:417.16,419.3 1 0
github.com/Abhishekkumar2021/Pravah/cli/internal/cmd/workflow.go:421.2,425.16 4 0
github.com/Abhishekkumar2021/Pravah/cli/internal/cmd/workflow.go:425.16,427.3 1 0
github.com/Abhishekkumar2021/Pravah/cli/internal/cmd/workflow.go:429.2,429.18 1 0
github.com/Abhishekkumar2021/Pravah/cli/internal/cmd/workflow.go:429.18,431.3 1 0
github.com/Abhishekkumar2021/Pravah/cli/internal/cmd/workflow.go:433.2,433.18 1 0
github.com/Abhishekkumar2021/Pravah/cli/internal/cmd/workflow.go:433.18,435.3 1 0
github.com/Abhishekkumar2021/Pravah/cli/internal/cmd/workflow.go:435.8,437.3 1 0
github.com/Abhishekkumar2021/Pravah/cli/internal/cmd/workflow.go:439.2,439.34 1 0
github.com/Abhishekkumar2021/Pravah/cli/internal/cmd/workflow.go:439.34,441.3 1 0
github.com/Abhishekkumar2021/Pravah/cli/internal/cmd/workflow.go:443.2,443.36 1 0
github.com/Abhishekkumar2021/Pravah/cli/internal/cmd/workflow.go:443.36,445.3 1 0
github.com/Abhishekkumar2021/Pravah/cli/internal/cmd/workflow.go:447.2,447.19 1 0
github.com/Abhishekkumar2021/Pravah/cli/internal/cmd/workflow.go:447.19,449.3 1 0
github.com/Abhishekkumar2021/Pravah/cli/internal/cmd/workflow.go:451.2,451.12 1 0
github.com/Abhishekkumar2021/Pravah/cli/internal/cmd/workflow.go:454.68,456.16 2 0
github.com/Abhishekkumar2021/Pravah/cli/internal/cmd/workflow.go:456.16,458.3 1 0
github.com/Abhishekkumar2021/Pravah/cli/internal/cmd/workflow.go:460.2,461.58 2 0
github.com/Abhishekkumar2021/Pravah/cli/internal/cmd/workflow.go:461.58,463.3 1 0
github.com/Abhishekkumar2021/Pravah/cli/internal/cmd/workflow.go:465.2,465.24 1 0
github.com/Abhishekkumar2021/Pravah/cli/internal/cmd/workflow.go:468.35,470.16 2 0
github.com/Abhishekkumar2021/Pravah/cli/internal/cmd/workflow.go:470.16,472.3 1 0
github.com/Abhishekkumar2021/Pravah/cli/internal/cmd/workflow.go:473.2,473.45 1 0
github.com/Abhishekkumar2021/Pravah/cli/internal/config/config.go:25.33,27.16 2 1
github.com/Abhishekkumar2021/Pravah/cli/internal/config/config.go:27.16,29.3 1 0
github.com/Abhishekkumar2021/Pravah/cli/internal/config/config.go:30.2,30.54 1 1
github.com/Abhishekkumar2021/Pravah/cli/internal/config/config.go:34.41,35.16 1 3
github.com/Abhishekkumar2021/Pravah/cli/internal/config/config.go:35.16,37.3 1 1
github.com/Abhishekkumar2021/Pravah/cli/internal/config/config.go:39.2,50.16 3 3
github.com/Abhishekkumar2021/Pravah/cli/internal/config/config.go:50.16,51.25 1 1
github.com/Abhishekkumar2021/Pravah/cli/internal/config/config.go:51.25,53.4 1 1
github.com/Abhishekkumar2021/Pravah/cli/internal/config/config.go:54.3,54.52 1 0
github.com/Abhishekkumar2021/Pravah/cli/internal/config/config.go:57.2,57.50 1 2
github.com/Abhishekkumar2021/Pravah/cli/internal/config/config.go:57.50,59.3 1 0
github.com/Abhishekkumar2021/Pravah/cli/internal/config/config.go:60.2,62.17 2 2
github.com/Abhishekkumar2021/Pravah/cli/internal/config/config.go:66.31,68.47 2 1
github.com/Abhishekkumar2021/Pravah/cli/internal/config/config.go:68.47,70.3 1 0
github.com/Abhishekkumar2021/Pravah/cli/internal/config/config.go:72.2,73.16 2 1
github.com/Abhishekkumar2021/Pravah/cli/internal/config/config.go:73.16,75.3 1 0
github.com/Abhishekkumar2021/Pravah/cli/internal/config/config.go:77.2,77.57 1 1
github.com/Abhishekkumar2021/Pravah/cli/internal/config/config.go:77.57,79.3 1 0
github.com/Abhishekkumar2021/Pravah/cli/internal/config/config.go:81.2,81.12 1 1
github.com/Abhishekkumar2021/Pravah/cli/internal/config/config.go:85.39,87.9 2 3
github.com/Abhishekkumar2021/Pravah/cli/internal/config/config.go:87.9,89.3 1 0
github.com/Abhishekkumar2021/Pravah/cli/internal/config/config.go:90.2,90.16 1 3
github.com/Abhishekkumar2021/Pravah/cli/internal/config/config.go:94.49,96.2 1 0
github.com/Abhishekkumar2021/Pravah/cli/internal/config/config.go:99.59,100.23 1 1
github.com/Abhishekkumar2021/Pravah/cli/internal/config/config.go:100.23,102.3 1 0
github.com/Abhishekkumar2021/Pravah/cli/internal/config/config.go:103.2,103.28 1 1
github.com/Abhishekkumar2021/Pravah/cli/internal/config/config.go:107.51,108.23 1 2
github.com/Abhishekkumar2021/Pravah/cli/internal/config/config.go:108.23,110.3 1 1
github.com/Abhishekkumar2021/Pravah/cli/internal/config/config.go:111.2,111.30 1 1
github.com/Abhishekkumar2021/Pravah/cli/internal/config/config.go:111.30,113.3 1 0
github.com/Abhishekkumar2021/Pravah/cli/internal/config/config.go:114.2,115.12 2 1
github.com/Abhishekkumar2021/Pravah/cli/internal/config/config.go:119.42,121.31 2 1
github.com/Abhishekkumar2021/Pravah/cli/internal/config/config.go:121.31,123.3 1 3
github.com/Abhishekkumar2021/Pravah/cli/internal/config/config.go:124.2,124.14 1 1
github.com/Abhishekkumar2021/Pravah/cli/internal/config/config.go:128.34,130.2 1 2
github.com/Abhishekkumar2021/Pravah/cli/internal/config/config.go:133.37,135.2 1 1
github.com/Abhishekkumar2021/Pravah/cli/internal/client/auth.go:39.93,46.70 3 0
github.com/Abhishekkumar2021/Pravah/cli/internal/client/auth.go:46.70,48.3 1 0
github.com/Abhishekkumar2021/Pravah/cli/internal/client/auth.go:50.2,51.19 2 0
github.com/Abhishekkumar2021/Pravah/cli/internal/client/auth.go:55.52,56.19 1 0
github.com/Abhishekkumar2021/Pravah/cli/internal/client/auth.go:56.19,58.3 1 0
github.com/Abhishekkumar2021/Pravah/cli/internal/client/auth.go:60.2,61.16 2 0
github.com/Abhishekkumar2021/Pravah/cli/internal/client/auth.go:61.16,63.38 2 0
github.com/Abhishekkumar2021/Pravah/cli/internal/client/auth.go:63.38,65.4 1 0
github.com/Abhishekkumar2021/Pravah/cli/internal/client/auth.go:68.2,69.12 2 0
github.com/Abhishekkumar2021/Pravah/cli/internal/client/auth.go:73.73,75.61 2 0
github.com/Abhishekkumar2021/Pravah/cli/internal/client/auth.go:75.61,77.3 1 0
github.com/Abhishekkumar2021/Pravah/cli/internal/client/auth.go:78.2,78.19 1 0
github.com/Abhishekkumar2021/Pravah/cli/internal/client/auth.go:82.97,88.72 3 0
github.com/Abhishekkumar2021/Pravah/cli/internal/client/auth.go:88.72,90.3 1 0
github.com/Abhishekkumar2021/Pravah/cli/internal/client/auth.go:92.2,93.19 2 0
github.com/Abhishekkumar2021/Pravah/cli/internal/client/auth.go:97.59,100.2 2 0
github.com/Abhishekkumar2021/Pravah/cli/internal/client/client.go:26.43,27.25 1 3
github.com/Abhishekkumar2021/Pravah/cli/internal/client/client.go:27.25,29.3 1 3
github.com/Abhishekkumar2021/Pravah/cli/internal/client/client.go:33.51,34.25 1 1
github.com/Abhishekkumar2021/Pravah/cli/internal/client/client.go:34.25,36.3 1 1
github.com/Abhishekkumar2021/Pravah/cli/internal/client/client.go:40.54,41.25 1 1
github.com/Abhishekkumar2021/Pravah/cli/internal/client/client.go:41.25,43.3 1 1
github.com/Abhishekkumar2021/Pravah/cli/internal/client/client.go:47.62,55.27 2 5
github.com/Abhishekkumar2021/Pravah/cli/internal/client/client.go:55.27,57.3 1 5
github.com/Abhishekkumar2021/Pravah/cli/internal/client/client.go:59.2,59.10 1 5
github.com/Abhishekkumar2021/Pravah/cli/internal/client/client.go:62.41,63.37 1 7
github.com/Abhishekkumar2021/Pravah/cli/internal/client/client.go:63.37,65.3 1 0
github.com/Abhishekkumar2021/Pravah/cli/internal/client/client.go:66.2,67.23 2 7
github.com/Abhishekkumar2021/Pravah/cli/internal/client/client.go:71.41,73.2 1 0
github.com/Abhishekkumar2021/Pravah/cli/internal/client/client.go:76.110,78.17 2 5
github.com/Abhishekkumar2021/Pravah/cli/internal/client/client.go:78.17,80.17 2 1
github.com/Abhishekkumar2021/Pravah/cli/internal/client/client.go:80.17,82.4 1 0
github.com/Abhishekkumar2021/Pravah/cli/internal/client/client.go:83.3,83.37 1 1
github.com/Abhishekkumar2021/Pravah/cli/internal/client/client.go:86.2,87.16 2 5
github.com/Abhishekkumar2021/Pravah/cli/internal/client/client.go:87.16,89.3 1 0
github.com/Abhishekkumar2021/Pravah/cli/internal/client/client.go:91.2,92.16 2 5
github.com/Abhishekkumar2021/Pravah/cli/internal/client/client.go:92.16,94.3 1 0
github.com/Abhishekkumar2021/Pravah/cli/internal/client/client.go:96.2,99.19 3 5
github.com/Abhishekkumar2021/Pravah/cli/internal/client/client.go:99.19,101.3 1 3
github.com/Abhishekkumar2021/Pravah/cli/internal/client/client.go:103.2,103.23 1 5
github.com/Abhishekkumar2021/Pravah/cli/internal/client/client.go:103.23,105.3 1 1
github.com/Abhishekkumar2021/Pravah/cli/internal/client/client.go:107.2,110.52 4 5
github.com/Abhishekkumar2021/Pravah/cli/internal/client/client.go:110.52,112.21 2 7
github.com/Abhishekkumar2021/Pravah/cli/internal/client/client.go:112.21,113.29 1 7
github.com/Abhishekkumar2021/Pravah/cli/internal/client/client.go:113.29,114.10 1 5
github.com/Abhishekkumar2021/Pravah/cli/internal/client/client.go:116.4,117.14 2 2
github.com/Abhishekkumar2021/Pravah/cli/internal/client/client.go:119.3,119.29 1 2
github.com/Abhishekkumar2021/Pravah/cli/internal/client/client.go:119.29,123.19 3 2
github.com/Abhishekkumar2021/Pravah/cli/internal/client/client.go:123.19,127.5 3 0
github.com/Abhishekkumar2021/Pravah/cli/internal/client/client.go:131.2,131.20 1 5
github.com/Abhishekkumar2021/Pravah/cli/internal/client/client.go:131.20,133.3 1 0
github.com/Abhishekkumar2021/Pravah/cli/internal/client/client.go:135.2,135.18 1 5
github.com/Abhishekkumar2021/Pravah/cli/internal/client/client.go:139.82,141.16 2 4
github.com/Abhishekkumar2021/Pravah/cli/internal/client/client.go:141.16,143.3 1 0
github.com/Abhishekkumar2021/Pravah/cli/internal/client/client.go:144.2,146.39 2 4
github.com/Abhishekkumar2021/Pravah/cli/internal/client/client.go:150.89,152.16 2 1
github.com/Abhishekkumar2021/Pravah/cli/internal/client/client.go:152.16,154.3 1 0
github.com/Abhishekkumar2021/Pravah/cli/internal/client/client.go:155.2,157.39 2 1
github.com/Abhishekkumar2021/Pravah/cli/internal/client/client.go:161.88,163.16 2 0
github.com/Abhishekkumar2021/Pravah/cli/internal/client/client.go:163.16,165.3 1 0
github.com/Abhishekkumar2021/Pravah/cli/internal/client/client.go:166.2,168.39 2 0
github.com/Abhishekkumar2021/Pravah/cli/internal/client/client.go:172.65,174.16 2 0
github.com/Abhishekkumar2021/Pravah/cli/internal/client/client.go:174.16,176.3 1 0
github.com/Abhishekkumar2021/Pravah/cli/internal/client/client.go:177.2,179.36 2 0
github.com/Abhishekkumar2021/Pravah/cli/internal/client/client.go:182.80,184.16 2 5
github.com/Abhishekkumar2021/Pravah/cli/internal/client/client.go:184.16,186.3 1 0
github.com/Abhishekkumar2021/Pravah/cli/internal/client/client.go:188.2,188.28 1 5
github.com/Abhishekkumar2021/Pravah/cli/internal/client/client.go:188.28,190.67 2 1
github.com/Abhishekkumar2021/Pravah/cli/internal/client/client.go:190.67,193.4 2 1
github.com/Abhishekkumar2021/Pravah/cli/internal/client/client.go:194.3,197.4 1 0
github.com/Abhishekkumar2021/Pravah/cli/internal/client/client.go:200.2,200.36 1 4
github.com/Abhishekkumar2021/Pravah/cli/internal/client/client.go:200.36,201.54 1 3
github.com/Abhishekkumar2021/Pravah/cli/internal/client/client.go:201.54,203.4 1 0
github.com/Abhishekkumar2021/Pravah/cli/internal/client/client.go:206.2,206.12 1 4
github.com/Abhishekkumar2021/Pravah/cli/internal/client/client.go:217.35,218.18 1 0
github.com/Abhishekkumar2021/Pravah/cli/internal/client/client.go:218.18,220.3 1 0
github.com/Abhishekkumar2021/Pravah/cli/internal/client/client.go:221.2,221.56 1 0
github.com/Abhishekkumar2021/Pravah/cli/internal/client/client.go:225.38,227.2 1 3
github.com/Abhishekkumar2021/Pravah/cli/internal/client/client.go:230.42,232.2 1 3
github.com/Abhishekkumar2021/Pravah/cli/internal/client/client.go:235.39,237.2 1 3
github.com/Abhishekkumar2021/Pravah/cli/internal/client/executions.go:67.107,69.17 2 0
github.com/Abhishekkumar2021/Pravah/cli/internal/client/executions.go:69.17,71.20 2 0
github.com/Abhishekkumar2021/Pravah/cli/internal/client/executions.go:71.20,73.4 1 0
github.com/Abhishekkumar2021/Pravah/cli/internal/client/executions.go:74.3,74.20 1 0
github.com/Abhishekkumar2021/Pravah/cli/internal/client/executions.go:74.20,76.4 1 0
github.com/Abhishekkumar2021/Pravah/cli/internal/client/executions.go:77.3,77.28 1 0
github.com/Abhishekkumar2021/Pravah/cli/internal/client/executions.go:77.28,79.4 1 0
github.com/Abhishekkumar2021/Pravah/cli/internal/client/executions.go:80.3,80.24 1 0
github.com/Abhishekkumar2021/Pravah/cli/internal/client/executions.go:80.24,82.4 1 0
github.com/Abhishekkumar2021/Pravah/cli/internal/client/executions.go:83.3,83.22 1 0
github.com/Abhishekkumar2021/Pravah/cli/internal/client/executions.go:83.22,85.4 1 0
github.com/Abhishekkumar2021/Pravah/cli/internal/client/executions.go:88.2,89.50 2 0
github.com/Abhishekkumar2021/Pravah/cli/internal/client/executions.go:89.50,91.3 1 0
github.com/Abhishekkumar2021/Pravah/cli/internal/client/executions.go:92.2,92.21 1 0
github.com/Abhishekkumar2021/Pravah/cli/internal/client/executions.go:104.83,106.89 2 0
github.com/Abhishekkumar2021/Pravah/cli/internal/client/executions.go:106.89,108.3 1 0
github.com/Abhishekkumar2021/Pravah/cli/internal/client/executions.go:109.2,109.24 1 0
github.com/Abhishekkumar2021/Pravah/cli/internal/client/executions.go:113.104,115.75 2 0
github.com/Abhishekkumar2021/Pravah/cli/internal/client/executions.go:115.75,117.3 1 0
github.com/Abhishekkumar2021/Pravah/cli/internal/client/executions.go:118.2,118.24 1 0
github.com/Abhishekkumar2021/Pravah/cli/internal/client/executions.go:122.72,123.95 1 0
github.com/Abhishekkumar2021/Pravah/cli/internal/client/executions.go:123.95,125.3 1 0
github.com/Abhishekkumar2021/Pravah/cli/internal/client/executions.go:126.2,126.12 1 0
github.com/Abhishekkumar2021/Pravah/cli/internal/client/executions.go:130.103,132.21 2 0
github.com/Abhishekkumar2021/Pravah/cli/internal/client/executions.go:132.21,134.3 1 0
github.com/Abhishekkumar2021/Pravah/cli/internal/client/executions.go:136.2,137.59 2 0
github.com/Abhishekkumar2021/Pravah/cli/internal/client/executions.go:137.59,139.3 1 0
github.com/Abhishekkumar2021/Pravah/cli/internal/client/executions.go:140.2,140.24 1 0
github.com/Abhishekkumar2021/Pravah/cli/internal/client/executions.go:144.95,147.48 3 0
github.com/Abhishekkumar2021/Pravah/cli/internal/client/executions.go:147.48,149.3 1 0
github.com/Abhishekkumar2021/Pravah/cli/internal/client/executions.go:150.2,150.19 1 0
github.com/Abhishekkumar2021/Pravah/cli/internal/client/executions.go:154.103,155.6 1 0
github.com/Abhishekkumar2021/Pravah/cli/internal/client/executions.go:155.6,156.10 1 0
github.com/Abhishekkumar2021/Pravah/cli/internal/client/executions.go:157.21,158.20 1 0
github.com/Abhishekkumar2021/Pravah/cli/internal/client/executions.go:159.11,161.18 2 0
github.com/Abhishekkumar2021/Pravah/cli/internal/client/executions.go:161.18,163.5 1 0
github.com/Abhishekkumar2021/Pravah/cli/internal/client/executions.go:165.4,165.28 1 0
github.com/Abhishekkumar2021/Pravah/cli/internal/client/executions.go:165.28,167.5 1 0
github.com/Abhishekkumar2021/Pravah/cli/internal/client/executions.go:169.4,169.28 1 0
github.com/Abhishekkumar2021/Pravah/cli/internal/client/executions.go:170.44,171.15 1 0
github.com/Abhishekkumar2021/Pravah/cli/internal/client/pipelines.go:57.104,59.17 2 0
github.com/Abhishekkumar2021/Pravah/cli/internal/client/pipelines.go:59.17,61.20 2 0
github.com/Abhishekkumar2021/Pravah/cli/internal/client/pipelines.go:61.20,63.4 1 0
github.com/Abhishekkumar2021/Pravah/cli/internal/client/pipelines.go:64.3,64.20 1 0
github.com/Abhishekkumar2021/Pravah/cli/internal/client/pipelines.go:64.20,66.4 1 0
github.com/Abhishekkumar2021/Pravah/cli/internal/client/pipelines.go:67.3,67.24 1 0
github.com/Abhishekkumar2021/Pravah/cli/internal/client/pipelines.go:67.24,69.4 1 0
github.com/Abhishekkumar2021/Pravah/cli/internal/client/pipelines.go:70.3,70.24 1 0
github.com/Abhishekkumar2021/Pravah/cli/internal/client/pipelines.go:70.24,72.4 1 0
github.com/Abhishekkumar2021/Pravah/cli/internal/client/pipelines.go:73.3,73.22 1 0
github.com/Abhishekkumar2021/Pravah/cli/internal/client/pipelines.go:73.22,75.4 1 0
github.com/Abhishekkumar2021/Pravah/cli/internal/client/pipelines.go:78.2,79.50 2 0
github.com/Abhishekkumar2021/Pravah/cli/internal/client/pipelines.go:79.50,81.3 1 0
github.com/Abhishekkumar2021/Pravah/cli/internal/client/pipelines.go:82.2,82.21 1 0
github.com/Abhishekkumar2021/Pravah/cli/internal/client/pipelines.go:94.81,96.87 2 0
github.com/Abhishekkumar2021/Pravah/cli/internal/client/pipelines.go:96.87,98.3 1 0
github.com/Abhishekkumar2021/Pravah/cli/internal/client/pipelines.go:99.2,99.23 1 0
github.com/Abhishekkumar2021/Pravah/cli/internal/client/pipelines.go:103.101,105.73 2 0
github.com/Abhishekkumar2021/Pravah/cli/internal/client/pipelines.go:105.73,107.3 1 0
github.com/Abhishekkumar2021/Pravah/cli/internal/client/pipelines.go:108.2,108.23 1 0
github.com/Abhishekkumar2021/Pravah/cli/internal/client/pipelines.go:112.112,114.92 2 0
github.com/Abhishekkumar2021/Pravah/cli/internal/client/pipelines.go:114.92,116.3 1 0
github.com/Abhishekkumar2021/Pravah/cli/internal/client/pipelines.go:117.2,117.23 1 0
github.com/Abhishekkumar2021/Pravah/cli/internal/client/pipelines.go:121.71,122.79 1 0
github.com/Abhishekkumar2021/Pravah/cli/internal/client/pipelines.go:122.79,124.3 1 0
github.com/Abhishekkumar2021/Pravah/cli/internal/client/pipelines.go:125.2,125.12 1 0
github.com/Abhishekkumar2021/Pravah/cli/internal/client/pipelines.go:129.118,132.80 3 0
github.com/Abhishekkumar2021/Pravah/cli/internal/client/pipelines.go:132.80,134.3 1 0
github.com/Abhishekkumar2021/Pravah/cli/internal/client/pipelines.go:135.2,135.21 1 0
